<4>[1103110.247804] VFS: busy inodes on changed Oct 24 02:58:36 localhost gdm-simple-slave[2014]: DEBUG: GdmSignalHandler: Found 1 callbacks
<4>[1103110.247804] tomboy[2437]: segfault at 13db548 ip 013db548 sp bf804ccc error 4
<4>[1103110.247804] audit(1414133920.685:149): audit_pid=0 old=1416 by auid=4294967295 subj=system_u:system_r:auditd_t:s0 res=1
<4>[1103110.247804] imklog 3.14.1, log source = /proc/kmsg started.
<4>[1103110.247804] Inspecting /boot/System.map-2.6.25-14.fc9.i686
<4>[1103110.247804] Loaded 28110 symbols from /boot/System.map-2.6.25-14.fc9.i686.
<4>[1103110.247804] Symbols match kernel version 2.6.25.
<4>[1103110.247804] No module symbols loaded - kernel modules not enabled.
<4>[1103110.247804] Initializing cgroup subsys cpuset
<4>[1103110.247804] Initializing cgroup subsys cpu
<4>[1103110.247804] Linux version 2.6.25-14.fc9.i686 (mockbuild@) (gcc version 4.3.0 20080428 (Red Hat 4.3.0-8) (GCC) ) #1 SMP Thu May 1 06:28:41 EDT 2008
<4>[1103110.247804] BIOS-provided physical RAM map:
<4>[1103110.247804] BIOS-e820: 0000000000000000 - 000000000009fc00
<4>[1103110.247804] BIOS-e820: 000000000009fc00 - 00000000000a0000
<4>[1103110.247804] BIOS-e820: 00000000000f0000 - 0000000000100000
<4>[1103110.247804] BIOS-e820: 0000000000100000 - 000000007fff0000
<4>[1103110.247804] BIOS-e820: 000000007fff0000 - 0000000080000000
<4>[1103110.247804] BIOS-e820: 00000000fffc0000 - 0000000100000000
<4>[1103110.247804] WARNING: strange, CPU MTRRs all blank?
<4>[1103110.247804] ------------[ cut here ]------------
<4>[1103110.247804] WARNING: at arch/x86/kernel/cpu/mtrr/main.c:696 mtrr_trim_uncached_memory+0x190/0x195
<4>[1103110.247804] Modules linked in:
<4>[1103110.247804] Pid: 0, comm: swapper Not tainted 2.6.25-14.fc9.i686 #1
<4>[1103110.247804]  [warn_on_slowpath+71/115] warn_on_slowpath+0x47/0x73
<4>[1103110.247804]  [vsnprintf+999/1056] ? vsnprintf+0x3e7/0x420
<4>[1103110.247804]  [_spin_unlock_irqrestore+16/20] ? _spin_unlock_irqrestore+0x10/0x14
<4>[1103110.247804]  [release_console_sem+405/413] ? release_console_sem+0x195/0x19d
<4>[1103110.247804]  [vprintk+769/816] ? vprintk+0x301/0x330
<4>[1103110.247804]  [vprintk+769/816] ? vprintk+0x301/0x330
<4>[1103110.247804]  [do_early_param+48/111] ? do_early_param+0x30/0x6f
<4>[1103110.247804]  [mtrr_trim_uncached_memory+400/405] mtrr_trim_uncached_memory+0x190/0x195
<4>[1103110.247804]  [setup_arch+635/1097] setup_arch+0x27b/0x449
<4>[1103110.247804]  [start_kernel+102/837] start_kernel+0x66/0x345
<4>[1103110.247804]  =======================
<4>[1103110.247804] ---[ end trace ca143223eefdc828 ]---
<4>[1103110.247804] 
